(base) shamprakashr@Shamprakashs-MacBook-Pro WEB_DEV % cd ..
(base) shamprakashr@Shamprakashs-MacBook-Pro Documents % mkdir Story
(base) shamprakashr@Shamprakashs-MacBook-Pro Documents % cd Story
(base) shamprakashr@Shamprakashs-MacBook-Pro Story % ls
(base) shamprakashr@Shamprakashs-MacBook-Pro Story % touch chapter1.txt
(base) shamprakashr@Shamprakashs-MacBook-Pro Story % open -a chapter1.txt 
Unable to find application named 'chapter1.txt'
(base) shamprakashr@Shamprakashs-MacBook-Pro Story % open -a /Applications/Visual\ Studio\ Code.app chapter1.txt 
(base) shamprakashr@Shamprakashs-MacBook-Pro Story % ls -a
.               ..              chapter1.txt
(base) shamprakashr@Shamprakashs-MacBook-Pro Story % git init
hint: Using 'master' as the name for the initial branch. This default branch name
hint: is subject to change. To configure the initial branch name to use in all
hint: of your new repositories, which will suppress this warning, call:
hint: 
hint:   git config --global init.defaultBranch <name>
hint: 
hint: Names commonly chosen instead of 'master' are 'main', 'trunk' and
hint: 'development'. The just-created branch can be renamed via this command:
hint: 
hint:   git branch -m <name>
Initialized empty Git repository in /Users/shamprakashr/Documents/Story/.git/
(base) shamprakashr@Shamprakashs-MacBook-Pro Story % ls -a
.               ..              .git            chapter1.txt
(base) shamprakashr@Shamprakashs-MacBook-Pro Story % git status
On branch master

No commits yet

Untracked files:
  (use "git add <file>..." to include in what will be committed)
        chapter1.txt

nothing added to commit but untracked files present (use "git add" to track)
(base) shamprakashr@Shamprakashs-MacBook-Pro Story % git add chapter1.txt 
(base) shamprakashr@Shamprakashs-MacBook-Pro Story % git status
On branch master

No commits yet

Changes to be committed:
  (use "git rm --cached <file>..." to unstage)
        new file:   chapter1.txt

(base) shamprakashr@Shamprakashs-MacBook-Pro Story % git commit -m "Completed Chapter-1"
[master (root-commit) fe3dfdf] Completed Chapter-1
 1 file changed, 1 insertion(+)
 create mode 100644 chapter1.txt
(base) shamprakashr@Shamprakashs-MacBook-Pro Story % git log
commit fe3dfdf83f1c14d8987486bcb51417b7d3ef7a77 (HEAD -> master)
Author: Shamprakash1609 <141shamprakash@gmail.com>
Date:   Sat Feb 17 16:55:12 2024 +0530

    Completed Chapter-1
(base) shamprakashr@Shamprakashs-MacBook-Pro Story % touch chapter1.txt
(base) shamprakashr@Shamprakashs-MacBook-Pro Story % touch chapter2.txt 
(base) shamprakashr@Shamprakashs-MacBook-Pro Story % touch chapter3.txt
(base) shamprakashr@Shamprakashs-MacBook-Pro Story % open -a /Applications/Visual\ Studio\ Code.app chapter2.txt 
(base) shamprakashr@Shamprakashs-MacBook-Pro Story % open -a /Applications/Visual\ Studio\ Code.app chapter3.txt 
(base) shamprakashr@Shamprakashs-MacBook-Pro Story % git status
On branch master
Untracked files:
  (use "git add <file>..." to include in what will be committed)
        chapter2.txt
        chapter3.txt

nothing added to commit but untracked files present (use "git add" to track)
(base) shamprakashr@Shamprakashs-MacBook-Pro Story % git commit .
On branch master
Untracked files:
  (use "git add <file>..." to include in what will be committed)
        chapter2.txt
        chapter3.txt

nothing added to commit but untracked files present (use "git add" to track)
(base) shamprakashr@Shamprakashs-MacBook-Pro Story % git add .
(base) shamprakashr@Shamprakashs-MacBook-Pro Story % git status
On branch master
Changes to be committed:
  (use "git restore --staged <file>..." to unstage)
        new file:   chapter2.txt
        new file:   chapter3.txt

(base) shamprakashr@Shamprakashs-MacBook-Pro Story % git commit -m "The End is Written"
[master a11b9c7] The End is Written
 2 files changed, 2 insertions(+)
 create mode 100644 chapter2.txt
 create mode 100644 chapter3.txt
(base) shamprakashr@Shamprakashs-MacBook-Pro Story % git log   
commit a11b9c728c372a8ee82edaef9da17a6ac6690f88 (HEAD -> master)
Author: Shamprakash1609 <141shamprakash@gmail.com>
Date:   Sat Feb 17 17:05:50 2024 +0530

    The End is Written

commit fe3dfdf83f1c14d8987486bcb51417b7d3ef7a77
Author: Shamprakash1609 <141shamprakash@gmail.com>
Date:   Sat Feb 17 16:55:12 2024 +0530

    Completed Chapter-1
(base) shamprakashr@Shamprakashs-MacBook-Pro Story % git diff chapter3.txt 
diff --git a/chapter3.txt b/chapter3.txt
index bb5cf58..4c09ffa 100644
--- a/chapter3.txt
+++ b/chapter3.txt
@@ -1 +1 @@
-For the Knight is not alone ,When his work is done,The Knight went into legend into lore.
\ No newline at end of file
+The Knight did it all alone ,When his work is done,The Knight went into legend into lore.
\ No newline at end of file
(base) shamprakashr@Shamprakashs-MacBook-Pro Story % git checkout chapter3.txt 
Updated 1 path from the index
(base) shamprakashr@Shamprakashs-MacBook-Pro Story % 